-----BEGIN PGP MESSAGE-----
Version: 2.6.3ia

owHrZChlZmW4t3bf+/JXUbflpvt2MjLaFTL9z2m+fv/i8iSh5y1pxbNtE7ccDPpd
8Una9YZnqJzJq0mBr7iLzip8c0mU1QoMe3VSNX+vKo9mZ3/Uh6wX65vXMSkcULwo
U87fybQpXog7mGvm2s8l9S5Cxt9bjkjztDRty+5a3L9mSRJXSWpxSWaeXklFCQMQ
hKcqlBanKiQqFGfkF5UoZOYVlJYolOQr5GTmZpYoJOfnFhSlFhdn5ucpJOalKKTm
JRdVFpSAuPllqUUZqYkpxToKJRmpRalJlVypFQX5xZl56SD9QDGFtNKcHKBlCqkV
Jal5JWChgtKknMxkhezUSoXEnPT8osySjNxiPQUF3ZD8lBQFx1KQ07gA
=NOkz
-----END PGP MESSAGE-----
